---
source: src/tui/launcher.rs
expression: term.backend()
---
"┌──────────────────────────────────────────────────────────────────────────────┐"
"│ ❯                                                                        2/2 │"
"└──────────────────────────────────────────────────────────────────────────────┘"
"▶ db-staging  root@10.0.0.2                                                     "
"  web-prod    deploy@10.0.0.1                                                   "
"                                                                                "
"                                                                                "
"                                                                                "
"                                                                                "
"                                                                                "
"                                                                                "
"                                                                                "
"                                                                                "
"                                                                                "
"                                                                                "
"                                                                                "
"                                                                                "
"                                                                                "
"                                                                                "
"                                                                                "
"                                                                                "
"                                                                                "
"                                                                                "
"›                                                                               "
